main.c:122:5:main	400	static
main.c:593:6:SystemClock_Config	88	static
main.c:638:13:MX_ADC1_Init	24	static
main.c:688:13:MX_SPI3_Init	8	static
main.c:726:13:MX_TIM3_Init	32	static
main.c:771:13:MX_TIM11_Init	8	static
main.c:802:13:MX_USART2_UART_Init	8	static
main.c:833:13:MX_DMA_Init	16	static
main.c:851:13:MX_GPIO_Init	48	static
main.c:900:6:MCP4922SetOutput	24	static
main.c:909:6:HAL_SPI_TxCpltCallback	16	static
main.c:918:6:HAL_TIM_PeriodElapsedCallback	24	static
main.c:926:17:micros	12	static
main.c:931:6:UARTReceiveAndResponsePolling	40	static
main.c:947:9:UARTReceiveIT	16	static
main.c:959:6:HAL_UART_RxCpltCallback	24	static
main.c:971:6:Error_Handler	4	static,ignoring_inline_asm
