main.c:123:5:main	304	static
main.c:394:6:SystemClock_Config	88	static
main.c:439:13:MX_ADC1_Init	24	static
main.c:489:13:MX_SPI3_Init	8	static
main.c:527:13:MX_TIM3_Init	32	static
main.c:572:13:MX_TIM11_Init	8	static
main.c:603:13:MX_USART1_UART_Init	8	static
main.c:636:13:MX_USART2_UART_Init	8	static
main.c:667:13:MX_DMA_Init	16	static
main.c:685:13:MX_GPIO_Init	48	static
main.c:737:6:MCP4922SetOutput	24	static
main.c:746:6:HAL_SPI_TxCpltCallback	16	static
main.c:755:6:HAL_TIM_PeriodElapsedCallback	24	static
main.c:763:17:micros	12	static
main.c:768:6:UARTReceiveAndResponsePolling	40	static
main.c:784:9:UARTReceiveIT	16	static
main.c:796:6:HAL_UART_RxCpltCallback	24	static
main.c:808:6:Error_Handler	4	static,ignoring_inline_asm
